{
  "bounds": [
    -110.376558,
    44.533278,
    -110.27304,
    44.596766
  ],
  "center": [
    -110.324799,
    44.565022,
    0
  ],
  "format": "webp",
  "maxzoom": 15,
  "minzoom": 0,
  "id": null,
  "name": "",
  "description": "",
  "version": "1.0.0",
  "legend": null,
  "scheme": "xyz"
}
